[yanderesimulator.com/index.html]
[backblue.gif]
[fade.gif]
[index.html]
[yanderesimulator.com/dist/images/icon.png]
[yanderesimulator.com/dist/css/style.min.css]
[yanderesimulator.com/dist/js/main.min.js]
[yanderesimulator.com/dist/images/logo.svg]
[yanderesimulator.com/img/home/dere.png]
[yanderesimulator.com/img/home/yan.png]
[yanderesimulator.com/img/home/stalking.jpg]
[yanderesimulator.com/img/home/school.jpg]
[yanderesimulator.com/about/index.html]
[yanderesimulator.com/img/home/murder.jpg]
[yanderesimulator.com/dist/js/home.min.js]
[yanderesimulator.com/index.html]
[yanderesimulator.com/Roadmap.png]
[yanderesimulator.com/dist/js/about.min.js]
[yanderesimulator.com/about/index.html]
[yanderesimulator.com/blog/index.html]
[yanderesimulator.com/bug-reporting/index.html]
[yanderesimulator.com/characters/index.html]
[yanderesimulator.com/download/index.html]
[yanderesimulator.com/volunteer/index.html]
[i.imgur.com/sy3IXDY.png]
[yanderesimulator.com/bug-reporting/index.html]
[yanderesimulator.com/donate/index.html]
[yanderesimulator.com/wallpapers/index.html]
[yanderesimulator.com/contact/index.html]
[yanderesimulator.com/blog-images/index9edf.html]
[yanderesimulator.com/img/characters/senpai-kun.png]
[yanderesimulator.com/img/characters/yandere-chan-normal.png]
[yanderesimulator.com/img/characters/1.png]
[yanderesimulator.com/social-media/index.html]
[yanderesimulator.com/img/characters/2.png]
[yanderesimulator.com/img/characters/3.png]
[yanderesimulator.com/img/characters/4.png]
[yanderesimulator.com/img/characters/5.png]
[yanderesimulator.com/img/characters/6.png]
[yanderesimulator.com/img/characters/7.png]
[yanderesimulator.com/img/characters/8.png]
[yanderesimulator.com/img/characters/9.png]
[yanderesimulator.com/img/characters/10.png]
[yanderesimulator.com/img/characters/headmaster-old.png]
[yanderesimulator.com/img/characters/counselor.png]
[yanderesimulator.com/img/characters/coach.png]
[yanderesimulator.com/img/characters/teacher.png]
[yanderesimulator.com/img/characters/nurse.png]
[yanderesimulator.com/img/characters/police.png]
[yanderesimulator.com/img/characters/info.png]
[yanderesimulator.com/img/characters/journo.png]
[yanderesimulator.com/img/characters/mother.png]
[yanderesimulator.com/img/characters/yandere-kun-normal.png]
[yanderesimulator.com/img/characters/founder.png]
[yanderesimulator.com/img/characters/ceo.png]
[yanderesimulator.com/img/characters/aunt.png]
[yanderesimulator.com/img/characters/wife.png]
[yanderesimulator.com/img/characters/brother.png]
[yanderesimulator.com/img/characters/art-leader.png]
[yanderesimulator.com/img/characters/gaming-leader.png]
[yanderesimulator.com/img/characters/gardening-leader.png]
[yanderesimulator.com/img/characters/martial-leader.png]
[yanderesimulator.com/img/characters/music-leader.png]
[yanderesimulator.com/img/characters/photography-leader.png]
[yanderesimulator.com/img/characters/science-leader.png]
[yanderesimulator.com/img/characters/obstacle.png]
[yanderesimulator.com/img/characters/nemesis.png]
[yanderesimulator.com/img/characters/yakuza.png]
[yanderesimulator.com/img/characters/ghost.png]
[yanderesimulator.com/img/characters/science-club.png]
[yanderesimulator.com/img/characters/bullies.png]
[yanderesimulator.com/img/characters/delinquents.png]
[yanderesimulator.com/img/characters/council.png]
[yanderesimulator.com/img/characters/green.png]
[yanderesimulator.com/characters/index.html]
[yanderesimulator.com/dist/js/characters.min88bf.js]
[yanderesimulator.com/img/contact/happy.png]
[yanderesimulator.com/contact/index.html]
[yanderesimulator.com/donate/index.html]
[yanderesimulator.com/dist/js/contact.min.js]
[yanderesimulator.com/img/TwoWays.png]
[yanderesimulator.com/dl/latest.zip]
[i.imgur.com/wEFjoub.jpg]
[yanderesimulator.com/img/Gamepad.png]
[yanderesimulator.com/img/Keyboard.png]
[yanderesimulator.com/download/index.html]
[yanderesimulator.com/volunteer/index.html]
[yanderesimulator.com/img/wallpapers/Broken-thumb.jpg]
[yanderesimulator.com/YandereSimLauncher.zip]
[yanderesimulator.com/img/wallpapers/Broken.jpg]
[yanderesimulator.com/img/wallpapers/Crush-thumb.jpg]
[yanderesimulator.com/img/wallpapers/Crush.png]
[yanderesimulator.com/img/wallpapers/Dusk-thumb.jpg]
[yanderesimulator.com/img/wallpapers/Dusk.png]
[yanderesimulator.com/img/wallpapers/Mentor-thumb.jpg]
[yanderesimulator.com/img/wallpapers/Mentor.png]
[yanderesimulator.com/img/wallpapers/Occult-thumb.jpg]
[yanderesimulator.com/img/wallpapers/Occult.jpg]
[yanderesimulator.com/img/wallpapers/Partners-thumb.jpg]
[yanderesimulator.com/img/wallpapers/Partners.jpg]
[yanderesimulator.com/img/wallpapers/Persona-thumb.jpg]
[yanderesimulator.com/img/wallpapers/Persona.png]
[yanderesimulator.com/img/wallpapers/Sansdere-thumb.jpg]
[yanderesimulator.com/img/wallpapers/Sansdere.jpg]
[yanderesimulator.com/img/wallpapers/Shadow-thumb.jpg]
[yanderesimulator.com/img/wallpapers/Shadow.jpg]
[yanderesimulator.com/img/wallpapers/Smash-thumb.jpg]
[yanderesimulator.com/img/wallpapers/Smash.png]
[yanderesimulator.com/img/wallpapers/Vacation-thumb.jpg]
[yanderesimulator.com/img/wallpapers/Vacation.png]
[yanderesimulator.com/img/wallpapers/Yanvania-thumb.jpg]
[yanderesimulator.com/img/wallpapers/Yanvania.jpg]
[yanderesimulator.com/img/wallpapers/1980s-thumb.jpg]
[yanderesimulator.com/img/wallpapers/1980s.png]
[yanderesimulator.com/img/wallpapers/DualityLight-thumb.jpg]
[yanderesimulator.com/img/wallpapers/DualityLight.jpg]
[yanderesimulator.com/img/wallpapers/DualityDark-thumb.jpg]
[yanderesimulator.com/img/wallpapers/DualityDark.jpg]
[yanderesimulator.com/img/wallpapers/YandereLight-thumb.jpg]
[yanderesimulator.com/img/wallpapers/YandereLight.jpg]
[yanderesimulator.com/img/wallpapers/YandereDark-thumb.jpg]
[yanderesimulator.com/img/wallpapers/YandereDark.jpg]
[yanderesimulator.com/img/wallpapers/AttackOnMegami-thumb.png]
[yanderesimulator.com/img/wallpapers/AttackOnMegami.png]
[yanderesimulator.com/img/wallpapers/Puppetmaster-thumb.jpg]
[yanderesimulator.com/img/wallpapers/Puppetmaster.jpg]
[yanderesimulator.com/img/wallpapers/BloodyHeart-thumb.jpg]
[yanderesimulator.com/img/wallpapers/BloodyHeart.jpg]
[yanderesimulator.com/img/wallpapers/Sweet-thumb.png]
[yanderesimulator.com/img/wallpapers/Sweet.png]
[yanderesimulator.com/img/wallpapers/Bloody-thumb.png]
[yanderesimulator.com/img/wallpapers/Bloody.png]
[yanderesimulator.com/img/wallpapers/ChristmasLight-thumb.jpg]
[yanderesimulator.com/img/wallpapers/ChristmasLight.jpg]
[yanderesimulator.com/img/wallpapers/ChristmasDark-thumb.jpg]
[yanderesimulator.com/img/wallpapers/ChristmasDark.jpg]
[yanderesimulator.com/img/wallpapers/ChristmasCoupleLight-thumb.jpg]
[yanderesimulator.com/img/wallpapers/ChristmasCoupleLight.png]
[yanderesimulator.com/img/wallpapers/ChristmasCoupleDark-thumb.jpg]
[yanderesimulator.com/img/wallpapers/ChristmasCoupleDark.png]
[yanderesimulator.com/img/wallpapers/ChristmasHappy-thumb.jpg]
[yanderesimulator.com/img/wallpapers/ChristmasHappy.png]
[yanderesimulator.com/img/wallpapers/ChristmasBloody-thumb.jpg]
[yanderesimulator.com/img/wallpapers/ChristmasBloody.png]
[yanderesimulator.com/img/wallpapers/LightSleighRide-thumb.png]
[yanderesimulator.com/img/wallpapers/LightSleighRide.png]
[yanderesimulator.com/img/wallpapers/DarkSleighRide-thumb.png]
[yanderesimulator.com/img/wallpapers/DarkSleighRide.png]
[yanderesimulator.com/wallpapers/index.html]
[yanderesimulator.com/social-media/index.html]
[yanderesimulator.com/img/home/dere.png]
[yanderesimulator.com/img/home/yan.png]
[yanderesimulator.com/img/home/stalking.jpg]
[yanderesimulator.com/img/home/school.jpg]
[yanderesimulator.com/img/home/murder.jpg]
[yanderesimulator.com/dist/fonts/iconsf29e.eot]
[yanderesimulator.com/dist/fonts/iconsf29e.woff2]
[yanderesimulator.com/blog-images/index9edf.html]
[yanderesimulator.com/Roadmap.png]
[yanderesimulator.com/dist/fonts/iconsf29e.woff]
[i.imgur.com/sy3IXDY.png]
[yanderesimulator.com/img/characters/senpai-kun.png]
[yanderesimulator.com/dist/fonts/iconsf29e.ttf]
[yanderesimulator.com/img/characters/yandere-chan-normal.png]
[yanderesimulator.com/img/characters/1.png]
[yanderesimulator.com/img/characters/4.png]
[yanderesimulator.com/img/characters/3.png]
[yanderesimulator.com/dist/fonts/iconsf29e.svg]
[yanderesimulator.com/img/characters/2.png]
[yanderesimulator.com/img/characters/5.png]
[yanderesimulator.com/img/characters/6.png]
[yanderesimulator.com/dist/fonts/futura-condensedd41d.eot]
[yanderesimulator.com/img/characters/7.png]
[yanderesimulator.com/dist/fonts/futura-condensed.woff2]
[yanderesimulator.com/img/characters/8.png]
[yanderesimulator.com/dist/fonts/futura-condensed.woff]
[yanderesimulator.com/img/characters/9.png]
[yanderesimulator.com/img/characters/10.png]
[yanderesimulator.com/img/characters/headmaster-old.png]
[yanderesimulator.com/img/characters/teacher.png]
[yanderesimulator.com/img/characters/counselor.png]
[yanderesimulator.com/img/characters/coach.png]
[yanderesimulator.com/img/characters/nurse.png]
[yanderesimulator.com/img/characters/police.png]
[yanderesimulator.com/img/characters/info.png]
[yanderesimulator.com/dist/fonts/futura-condensed.ttf]
[yanderesimulator.com/img/characters/journo.png]
[yanderesimulator.com/img/characters/mother.png]
[yanderesimulator.com/img/characters/yandere-kun-normal.png]
[yanderesimulator.com/img/characters/founder.png]
[yanderesimulator.com/img/characters/ceo.png]
[yanderesimulator.com/img/characters/aunt.png]
[yanderesimulator.com/dist/fonts/futura-condensed.svg]
[yanderesimulator.com/img/characters/art-leader.png]
[yanderesimulator.com/img/characters/wife.png]
[yanderesimulator.com/img/characters/brother.png]
[yanderesimulator.com/img/home/video-poster.jpg]
[yanderesimulator.com/img/characters/martial-leader.png]
[yanderesimulator.com/img/home/school-front.png]
[yanderesimulator.com/img/characters/gardening-leader.png]
[yanderesimulator.com/img/characters/gaming-leader.png]
[yanderesimulator.com/dist/images/letter-tiles.svg]
[yanderesimulator.com/img/characters/music-leader.png]
[yanderesimulator.com/img/characters/science-leader.png]
[yanderesimulator.com/img/home/tree.png]
[yanderesimulator.com/img/characters/photography-leader.png]
[yanderesimulator.com/img/home/video-poster-portrait.jpg]
[yanderesimulator.com/img/characters/obstacle.png]
[yanderesimulator.com/dist/images/heart-tiles.svg]
[yanderesimulator.com/img/characters/nemesis.png]
[yanderesimulator.com/img/characters/yakuza.png]
[yanderesimulator.com/img/characters/ghost.png]
[yanderesimulator.com/img/characters/fun.8e.delayed]
[yanderesimulator.com/img/characters/science-club.png]
[yanderesimulator.com/img/characters/bullies.png]
[yanderesimulator.com/img/characters/delinquents.png]
[yanderesimulator.com/dist/js/characters.min88bf.js]
[yanderesimulator.com/img/characters/council.png]
[yanderesimulator.com/img/characters/green.png]
[yanderesimulator.com/dist/images/contact-background.jpg]
[yanderesimulator.com/img/contact/happy.png]
[yanderesimulator.com/img/TwoWays.png]
[yanderesimulator.com/dist/js/contact.min.js]
[yanderesimulator.com/img/Gamepad.png]
[i.imgur.com/wEFjoub.jpg]
[yanderesimulator.com/dist/images/broken-heart-tiles.svg]
[yanderesimulator.com/dist/css/style.min.css]
[yanderesimulator.com/img/Keyboard.png]
[yanderesimulator.com/img/wallpapers/Broken-thumb.jpg]
[yanderesimulator.com/dist/images/logo.svg]
[yanderesimulator.com/img/wallpapers/Broken.jpg]
[yanderesimulator.com/img/wallpapers/Crush-thumb.jpg]
[yanderesimulator.com/img/wallpapers/Crush.png]
[yanderesimulator.com/img/wallpapers/Dusk-thumb.jpg]
[yanderesimulator.com/dist/fonts/futura-condensedd41d.eot]
[yanderesimulator.com/dist/fonts/iconsf29e.svg]
[yanderesimulator.com/dist/fonts/futura-condensed.ttf]
[yanderesimulator.com/dist/fonts/futura-condensed.svg]
[yanderesimulator.com/img/home/school-front.png]
[yanderesimulator.com/img/home/video-poster.jpg]
[yanderesimulator.com/img/home/tree.png]
[yanderesimulator.com/img/home/video-poster-portrait.jpg]
[yanderesimulator.com/dist/images/letter-tiles.svg]
[yanderesimulator.com/dist/images/contact-background.jpg]
[yanderesimulator.com/img/characters/fun.png]
[yanderesimulator.com/dist/images/heart-tiles.svg]
[yanderesimulator.com/dist/images/broken-heart-tiles.svg]
